[INFO] Scanning for projects...
[INFO] 
[INFO] -------------------< com.paymentProccessing:backend >-------------------
[INFO] Building backend 0.0.1-SNAPSHOT
[INFO]   from pom.xml
[INFO] --------------------------------[ jar ]---------------------------------
[INFO] 
[INFO] >>> spring-boot:3.3.4:run (default-cli) > test-compile @ backend >>>
[INFO] 
[INFO] --- resources:3.3.1:resources (default-resources) @ backend ---
[INFO] Copying 2 resources from src\main\resources to target\classes
[INFO] Copying 1 resource from src\main\resources to target\classes
[INFO] 
[INFO] --- compiler:3.13.0:compile (default-compile) @ backend ---
[INFO] Nothing to compile - all classes are up to date.
[INFO] 
[INFO] --- resources:3.3.1:testResources (default-testResources) @ backend ---
[INFO] Copying 1 resource from src\test\resources to target\test-classes
[INFO] 
[INFO] --- compiler:3.13.0:testCompile (default-testCompile) @ backend ---
[INFO] Nothing to compile - all classes are up to date.
[INFO] 
[INFO] <<< spring-boot:3.3.4:run (default-cli) < test-compile @ backend <<<
[INFO] 
[INFO] 
[INFO] --- spring-boot:3.3.4:run (default-cli) @ backend ---
[INFO] Attaching agents: []

  .   ____          _            __ _ _
 /\\ / ___'_ __ _ _(_)_ __  __ _ \ \ \ \
( ( )\___ | '_ | '_| | '_ \/ _` | \ \ \ \
 \\/  ___)| |_)| | | | | || (_| |  ) ) ) )
  '  |____| .__|_| |_|_| |_\__, | / / / /
 =========|_|==============|___/=/_/_/_/

 :: Spring Boot ::                (v3.3.4)

2026-08-05T07:53:40.525Z  INFO 10124 --- [payments-processing-backend] [           main] c.p.backend.BackendApplication           : Starting BackendApplication using Java 17.0.12 with PID 10124 (C:\Users\Administrator\Downloads\backend (1)\backend\target\classes started by Administrator in C:\Users\Administrator\Downloads\backend (1)\backend)
2026-08-05T07:53:40.531Z  INFO 10124 --- [payments-processing-backend] [           main] c.p.backend.BackendApplication           : No active profile set, falling back to 1 default profile: "default"
2026-08-05T07:53:42.178Z  INFO 10124 --- [payments-processing-backend] [           main] .s.d.r.c.RepositoryConfigurationDelegate : Bootstrapping Spring Data JPA repositories in DEFAULT mode.
2026-08-05T07:53:42.374Z  INFO 10124 --- [payments-processing-backend] [           main] .s.d.r.c.RepositoryConfigurationDelegate : Finished Spring Data repository scanning in 178 ms. Found 2 JPA repository interfaces.
2026-08-05T07:53:43.700Z  INFO 10124 --- [payments-processing-backend] [           main] o.s.b.w.embedded.tomcat.TomcatWebServer  : Tomcat initialized with port 8085 (http)
2026-08-05T07:53:43.727Z  INFO 10124 --- [payments-processing-backend] [           main] o.apache.catalina.core.StandardService   : Starting service [Tomcat]
2026-08-05T07:53:43.727Z  INFO 10124 --- [payments-processing-backend] [           main] o.apache.catalina.core.StandardEngine    : Starting Servlet engine: [Apache Tomcat/10.1.30]
2026-08-05T07:53:43.878Z  INFO 10124 --- [payments-processing-backend] [           main] o.a.c.c.C.[Tomcat].[localhost].[/]       : Initializing Spring embedded WebApplicationContext
2026-08-05T07:53:43.881Z  INFO 10124 --- [payments-processing-backend] [           main] w.s.c.ServletWebServerApplicationContext : Root WebApplicationContext: initialization completed in 3263 ms
2026-08-05T07:53:44.141Z  INFO 10124 --- [payments-processing-backend] [           main] o.hibernate.jpa.internal.util.LogHelper  : HHH000204: Processing PersistenceUnitInfo [name: default]
2026-08-05T07:53:44.222Z  INFO 10124 --- [payments-processing-backend] [           main] org.hibernate.Version                    : HHH000412: Hibernate ORM core version 6.5.3.Final
2026-08-05T07:53:44.274Z  INFO 10124 --- [payments-processing-backend] [           main] o.h.c.internal.RegionFactoryInitiator    : HHH000026: Second-level cache disabled
2026-08-05T07:53:44.740Z  INFO 10124 --- [payments-processing-backend] [           main] o.s.o.j.p.SpringPersistenceUnitInfo      : No LoadTimeWeaver setup: ignoring JPA class transformer
2026-08-05T07:53:44.801Z  INFO 10124 --- [payments-processing-backend] [           main] com.zaxxer.hikari.HikariDataSource       : HikariPool-1 - Starting...
2026-08-05T07:53:45.165Z  INFO 10124 --- [payments-processing-backend] [           main] com.zaxxer.hikari.pool.HikariPool        : HikariPool-1 - Added connection com.mysql.cj.jdbc.ConnectionImpl@4fa0ee7e
2026-08-05T07:53:45.167Z  INFO 10124 --- [payments-processing-backend] [           main] com.zaxxer.hikari.HikariDataSource       : HikariPool-1 - Start completed.
2026-08-05T07:53:45.266Z  WARN 10124 --- [payments-processing-backend] [           main] org.hibernate.orm.deprecation            : HHH90000025: MySQLDialect does not need to be specified explicitly using 'hibernate.dialect' (remove the property setting and it will be selected by default)
2026-08-05T07:53:46.989Z  INFO 10124 --- [payments-processing-backend] [           main] o.h.e.t.j.p.i.JtaPlatformInitiator       : HHH000489: No JTA platform available (set 'hibernate.transaction.jta.platform' to enable JTA platform integration)
Hibernate: 
    alter table payment_status_history 
       modify column from_status enum ('COMPLETED','CREATED','FAILED','SENT','VALIDATED')
Hibernate: 
    alter table payment_status_history 
       modify column to_status enum ('COMPLETED','CREATED','FAILED','SENT','VALIDATED') not null
Hibernate: 
    alter table payments 
       modify column error_code enum ('DUPLICATE_PAYMENT','INSUFFICIENT_FUNDS','INVALID_ACCOUNT','INVALID_AMOUNT','INVALID_CURRENCY','INVALID_PAYMENT_METHOD','INVALID_STATUS_TRANSITION','NETWORK_ERROR','PAYMENT_NOT_FOUND','PROCESSING_ERROR','VALIDATION_FAILED')
Hibernate: 
    alter table payments 
       modify column payment_method enum ('CARD','IMPS','NEFT','NETBANKING','RTGS','SWIFT','UPI','WIRE_TRANSFER') not null
Hibernate: 
    alter table payments 
       modify column status enum ('COMPLETED','CREATED','FAILED','SENT','VALIDATED') not null
2026-08-05T07:53:47.422Z  INFO 10124 --- [payments-processing-backend] [           main] j.LocalContainerEntityManagerFactoryBean : Initialized JPA EntityManagerFactory for persistence unit 'default'
2026-08-05T07:53:47.945Z  INFO 10124 --- [payments-processing-backend] [           main] o.s.d.j.r.query.QueryEnhancerFactory     : Hibernate is in classpath; If applicable, HQL parser will be used.
2026-08-05T07:53:50.254Z  INFO 10124 --- [payments-processing-backend] [           main] o.s.b.w.embedded.tomcat.TomcatWebServer  : Tomcat started on port 8085 (http) with context path '/'
2026-08-05T07:53:50.269Z  INFO 10124 --- [payments-processing-backend] [           main] c.p.backend.BackendApplication           : Started BackendApplication in 10.385 seconds (process running for 11.002)
2026-08-05T07:55:20.090Z  INFO 10124 --- [payments-processing-backend] [nio-8085-exec-2] o.a.c.c.C.[Tomcat].[localhost].[/]       : Initializing Spring DispatcherServlet 'dispatcherServlet'
2026-08-05T07:55:20.090Z  INFO 10124 --- [payments-processing-backend] [nio-8085-exec-2] o.s.web.servlet.DispatcherServlet        : Initializing Servlet 'dispatcherServlet'
2026-08-05T07:55:20.093Z  INFO 10124 --- [payments-processing-backend] [nio-8085-exec-2] o.s.web.servlet.DispatcherServlet        : Completed initialization in 2 ms
Hibernate: 
    insert 
    into
        payments
        (amount, bank_account_type, bank_name, beneficiary_bank_name, beneficiary_country, card_expiry, card_holder_name, card_network, card_number_masked, created_at, currency, destination_account, error_code, error_message, idempotency_key, ifsc_code, mobile_or_account_number, payment_method, payment_purpose, payment_type, reference, routing_number, sender_bank_name, source_account, status, swift_bic_code, updated_at, upi_id, version, id) 
    values
        (?, ?, ?, ?, ?, ?, ?, ?, ?, ?, ?, ?, ?, ?, ?, ?, ?, ?, ?, ?, ?, ?, ?, ?, ?, ?, ?, ?, ?, ?)
Hibernate: 
    insert 
    into
        payment_status_history
        (changed_at, from_status, notes, payment_id, to_status, triggered_by) 
    values
        (?, ?, ?, ?, ?, ?)
Hibernate: 
    select
        p1_0.id,
        p1_0.amount,
        p1_0.bank_account_type,
        p1_0.bank_name,
        p1_0.beneficiary_bank_name,
        p1_0.beneficiary_country,
        p1_0.card_expiry,
        p1_0.card_holder_name,
        p1_0.card_network,
        p1_0.card_number_masked,
        p1_0.created_at,
        p1_0.currency,
        p1_0.destination_account,
        p1_0.error_code,
        p1_0.error_message,
        p1_0.idempotency_key,
        p1_0.ifsc_code,
        p1_0.mobile_or_account_number,
        p1_0.payment_method,
        p1_0.payment_purpose,
        p1_0.payment_type,
        p1_0.reference,
        p1_0.routing_number,
        p1_0.sender_bank_name,
        p1_0.source_account,
        p1_0.status,
        p1_0.swift_bic_code,
        p1_0.updated_at,
        p1_0.upi_id,
        p1_0.version 
    from
        payments p1_0 
    where
        p1_0.id=?
Hibernate: 
    insert 
    into
        payment_status_history
        (changed_at, from_status, notes, payment_id, to_status, triggered_by) 
    values
        (?, ?, ?, ?, ?, ?)
Hibernate: 
    update
        payments 
    set
        amount=?,
        bank_account_type=?,
        bank_name=?,
        beneficiary_bank_name=?,
        beneficiary_country=?,
        card_expiry=?,
        card_holder_name=?,
        card_network=?,
        card_number_masked=?,
        currency=?,
        destination_account=?,
        error_code=?,
        error_message=?,
        idempotency_key=?,
        ifsc_code=?,
        mobile_or_account_number=?,
        payment_method=?,
        payment_purpose=?,
        payment_type=?,
        reference=?,
        routing_number=?,
        sender_bank_name=?,
        source_account=?,
        status=?,
        swift_bic_code=?,
        updated_at=?,
        upi_id=?,
        version=? 
    where
        id=? 
        and version=?
Hibernate: 
    select
        p1_0.id,
        p1_0.amount,
        p1_0.bank_account_type,
        p1_0.bank_name,
        p1_0.beneficiary_bank_name,
        p1_0.beneficiary_country,
        p1_0.card_expiry,
        p1_0.card_holder_name,
        p1_0.card_network,
        p1_0.card_number_masked,
        p1_0.created_at,
        p1_0.currency,
        p1_0.destination_account,
        p1_0.error_code,
        p1_0.error_message,
        p1_0.idempotency_key,
        p1_0.ifsc_code,
        p1_0.mobile_or_account_number,
        p1_0.payment_method,
        p1_0.payment_purpose,
        p1_0.payment_type,
        p1_0.reference,
        p1_0.routing_number,
        p1_0.sender_bank_name,
        p1_0.source_account,
        p1_0.status,
        p1_0.swift_bic_code,
        p1_0.updated_at,
        p1_0.upi_id,
        p1_0.version 
    from
        payments p1_0 
    where
        p1_0.id=?
Hibernate: 
    insert 
    into
        payment_status_history
        (changed_at, from_status, notes, payment_id, to_status, triggered_by) 
    values
        (?, ?, ?, ?, ?, ?)
Hibernate: 
    update
        payments 
    set
        amount=?,
        bank_account_type=?,
        bank_name=?,
        beneficiary_bank_name=?,
        beneficiary_country=?,
        card_expiry=?,
        card_holder_name=?,
        card_network=?,
        card_number_masked=?,
        currency=?,
        destination_account=?,
        error_code=?,
        error_message=?,
        idempotency_key=?,
        ifsc_code=?,
        mobile_or_account_number=?,
        payment_method=?,
        payment_purpose=?,
        payment_type=?,
        reference=?,
        routing_number=?,
        sender_bank_name=?,
        source_account=?,
        status=?,
        swift_bic_code=?,
        updated_at=?,
        upi_id=?,
        version=? 
    where
        id=? 
        and version=?
Hibernate: 
    select
        p1_0.id,
        p1_0.amount,
        p1_0.bank_account_type,
        p1_0.bank_name,
        p1_0.beneficiary_bank_name,
        p1_0.beneficiary_country,
        p1_0.card_expiry,
        p1_0.card_holder_name,
        p1_0.card_network,
        p1_0.card_number_masked,
        p1_0.created_at,
        p1_0.currency,
        p1_0.destination_account,
        p1_0.error_code,
        p1_0.error_message,
        p1_0.idempotency_key,
        p1_0.ifsc_code,
        p1_0.mobile_or_account_number,
        p1_0.payment_method,
        p1_0.payment_purpose,
        p1_0.payment_type,
        p1_0.reference,
        p1_0.routing_number,
        p1_0.sender_bank_name,
        p1_0.source_account,
        p1_0.status,
        p1_0.swift_bic_code,
        p1_0.updated_at,
        p1_0.upi_id,
        p1_0.version 
    from
        payments p1_0 
    where
        p1_0.id=?
Hibernate: 
    insert 
    into
        payment_status_history
        (changed_at, from_status, notes, payment_id, to_status, triggered_by) 
    values
        (?, ?, ?, ?, ?, ?)
Hibernate: 
    update
        payments 
    set
        amount=?,
        bank_account_type=?,
        bank_name=?,
        beneficiary_bank_name=?,
        beneficiary_country=?,
        card_expiry=?,
        card_holder_name=?,
        card_network=?,
        card_number_masked=?,
        currency=?,
        destination_account=?,
        error_code=?,
        error_message=?,
        idempotency_key=?,
        ifsc_code=?,
        mobile_or_account_number=?,
        payment_method=?,
        payment_purpose=?,
        payment_type=?,
        reference=?,
        routing_number=?,
        sender_bank_name=?,
        source_account=?,
        status=?,
        swift_bic_code=?,
        updated_at=?,
        upi_id=?,
        version=? 
    where
        id=? 
        and version=?
Hibernate: 
    insert 
    into
        payments
        (amount, bank_account_type, bank_name, beneficiary_bank_name, beneficiary_country, card_expiry, card_holder_name, card_network, card_number_masked, created_at, currency, destination_account, error_code, error_message, idempotency_key, ifsc_code, mobile_or_account_number, payment_method, payment_purpose, payment_type, reference, routing_number, sender_bank_name, source_account, status, swift_bic_code, updated_at, upi_id, version, id) 
    values
        (?, ?, ?, ?, ?, ?, ?, ?, ?, ?, ?, ?, ?, ?, ?, ?, ?, ?, ?, ?, ?, ?, ?, ?, ?, ?, ?, ?, ?, ?)
Hibernate: 
    insert 
    into
        payment_status_history
        (changed_at, from_status, notes, payment_id, to_status, triggered_by) 
    values
        (?, ?, ?, ?, ?, ?)
Hibernate: 
    select
        p1_0.id,
        p1_0.amount,
        p1_0.bank_account_type,
        p1_0.bank_name,
        p1_0.beneficiary_bank_name,
        p1_0.beneficiary_country,
        p1_0.card_expiry,
        p1_0.card_holder_name,
        p1_0.card_network,
        p1_0.card_number_masked,
        p1_0.created_at,
        p1_0.currency,
        p1_0.destination_account,
        p1_0.error_code,
        p1_0.error_message,
        p1_0.idempotency_key,
        p1_0.ifsc_code,
        p1_0.mobile_or_account_number,
        p1_0.payment_method,
        p1_0.payment_purpose,
        p1_0.payment_type,
        p1_0.reference,
        p1_0.routing_number,
        p1_0.sender_bank_name,
        p1_0.source_account,
        p1_0.status,
        p1_0.swift_bic_code,
        p1_0.updated_at,
        p1_0.upi_id,
        p1_0.version 
    from
        payments p1_0 
    where
        p1_0.id=?
Hibernate: 
    insert 
    into
        payment_status_history
        (changed_at, from_status, notes, payment_id, to_status, triggered_by) 
    values
        (?, ?, ?, ?, ?, ?)
Hibernate: 
    update
        payments 
    set
        amount=?,
        bank_account_type=?,
        bank_name=?,
        beneficiary_bank_name=?,
        beneficiary_country=?,
        card_expiry=?,
        card_holder_name=?,
        card_network=?,
        card_number_masked=?,
        currency=?,
        destination_account=?,
        error_code=?,
        error_message=?,
        idempotency_key=?,
        ifsc_code=?,
        mobile_or_account_number=?,
        payment_method=?,
        payment_purpose=?,
        payment_type=?,
        reference=?,
        routing_number=?,
        sender_bank_name=?,
        source_account=?,
        status=?,
        swift_bic_code=?,
        updated_at=?,
        upi_id=?,
        version=? 
    where
        id=? 
        and version=?
Hibernate: 
    select
        p1_0.id,
        p1_0.amount,
        p1_0.bank_account_type,
        p1_0.bank_name,
        p1_0.beneficiary_bank_name,
        p1_0.beneficiary_country,
        p1_0.card_expiry,
        p1_0.card_holder_name,
        p1_0.card_network,
        p1_0.card_number_masked,
        p1_0.created_at,
        p1_0.currency,
        p1_0.destination_account,
        p1_0.error_code,
        p1_0.error_message,
        p1_0.idempotency_key,
        p1_0.ifsc_code,
        p1_0.mobile_or_account_number,
        p1_0.payment_method,
        p1_0.payment_purpose,
        p1_0.payment_type,
        p1_0.reference,
        p1_0.routing_number,
        p1_0.sender_bank_name,
        p1_0.source_account,
        p1_0.status,
        p1_0.swift_bic_code,
        p1_0.updated_at,
        p1_0.upi_id,
        p1_0.version 
    from
        payments p1_0 
    where
        p1_0.id=?
Hibernate: 
    insert 
    into
        payment_status_history
        (changed_at, from_status, notes, payment_id, to_status, triggered_by) 
    values
        (?, ?, ?, ?, ?, ?)
Hibernate: 
    update
        payments 
    set
        amount=?,
        bank_account_type=?,
        bank_name=?,
        beneficiary_bank_name=?,
        beneficiary_country=?,
        card_expiry=?,
        card_holder_name=?,
        card_network=?,
        card_number_masked=?,
        currency=?,
        destination_account=?,
        error_code=?,
        error_message=?,
        idempotency_key=?,
        ifsc_code=?,
        mobile_or_account_number=?,
        payment_method=?,
        payment_purpose=?,
        payment_type=?,
        reference=?,
        routing_number=?,
        sender_bank_name=?,
        source_account=?,
        status=?,
        swift_bic_code=?,
        updated_at=?,
        upi_id=?,
        version=? 
    where
        id=? 
        and version=?
Hibernate: 
    select
        p1_0.id,
        p1_0.amount,
        p1_0.bank_account_type,
        p1_0.bank_name,
        p1_0.beneficiary_bank_name,
        p1_0.beneficiary_country,
        p1_0.card_expiry,
        p1_0.card_holder_name,
        p1_0.card_network,
        p1_0.card_number_masked,
        p1_0.created_at,
        p1_0.currency,
        p1_0.destination_account,
        p1_0.error_code,
        p1_0.error_message,
        p1_0.idempotency_key,
        p1_0.ifsc_code,
        p1_0.mobile_or_account_number,
        p1_0.payment_method,
        p1_0.payment_purpose,
        p1_0.payment_type,
        p1_0.reference,
        p1_0.routing_number,
        p1_0.sender_bank_name,
        p1_0.source_account,
        p1_0.status,
        p1_0.swift_bic_code,
        p1_0.updated_at,
        p1_0.upi_id,
        p1_0.version 
    from
        payments p1_0 
    where
        p1_0.id=?
Hibernate: 
    insert 
    into
        payment_status_history
        (changed_at, from_status, notes, payment_id, to_status, triggered_by) 
    values
        (?, ?, ?, ?, ?, ?)
Hibernate: 
    update
        payments 
    set
        amount=?,
        bank_account_type=?,
        bank_name=?,
        beneficiary_bank_name=?,
        beneficiary_country=?,
        card_expiry=?,
        card_holder_name=?,
        card_network=?,
        card_number_masked=?,
        currency=?,
        destination_account=?,
        error_code=?,
        error_message=?,
        idempotency_key=?,
        ifsc_code=?,
        mobile_or_account_number=?,
        payment_method=?,
        payment_purpose=?,
        payment_type=?,
        reference=?,
        routing_number=?,
        sender_bank_name=?,
        source_account=?,
        status=?,
        swift_bic_code=?,
        updated_at=?,
        upi_id=?,
        version=? 
    where
        id=? 
        and version=?
[INFO] ------------------------------------------------------------------------
[INFO] BUILD FAILURE
[INFO] ------------------------------------------------------------------------
[INFO] Total time:  02:41 min
[INFO] Finished at: 2026-08-05T07:56:15Z
[INFO] ------------------------------------------------------------------------
[ERROR] Failed to execute goal org.springframework.boot:spring-boot-maven-plugin:3.3.4:run (default-cli) on project backend: Process terminated with exit code: -1 -> [Help 1]
[ERROR] 
[ERROR] To see the full stack trace of the errors, re-run Maven with the -e switch.
[ERROR] Re-run Maven using the -X switch to enable full debug logging.
[ERROR] 
[ERROR] For more information about the errors and possible solutions, please read the following articles:
[ERROR] [Help 1] http://cwiki.apache.org/confluence/display/MAVEN/MojoExecutionException
